Logging in...
Fetching clients...
Found client: 9848d663-9cad-4c02-a1fe-e1fae949474a
Creating sector...
Created sector: {
  id: 'fb7ef4ea-19a2-4bf8-acf7-91ac5578d6f5',
  client_id: '9848d663-9cad-4c02-a1fe-e1fae949474a',
  name: 'Script Sector',
  description: 'Test',
  created_at: '2026-03-23T15:11:37.309Z'
}
Deleting sector...
Delete sector status: 200
Delete sector body: {"success":true}
Creating equipment with valid data...
Create equipment status: 500
Create equipment body: {"error":"Erro ao criar equipamento"}
Creating equipment with empty client_id...
Create equipment (no client) status: 400
Create equipment (no client) body: {"error":"Campos obrigat├│rios: client_id, name, brand, model"}
